[2023-10-09T21:08:17.643+0200][gc] Using G1
[2023-10-09T21:08:17.644+0200][gc,init] Version: 17.0.7+7-LTS (release)
[2023-10-09T21:08:17.644+0200][gc,init] CPUs: 8 total, 8 available
[2023-10-09T21:08:17.644+0200][gc,init] Memory: 8192M
[2023-10-09T21:08:17.644+0200][gc,init] Large Page Support: Disabled
[2023-10-09T21:08:17.644+0200][gc,init] NUMA Support: Disabled
[2023-10-09T21:08:17.644+0200][gc,init] Compressed Oops: Enabled (Zero based)
[2023-10-09T21:08:17.644+0200][gc,init] Heap Region Size: 1M
[2023-10-09T21:08:17.644+0200][gc,init] Heap Min Capacity: 1G
[2023-10-09T21:08:17.644+0200][gc,init] Heap Initial Capacity: 1G
[2023-10-09T21:08:17.644+0200][gc,init] Heap Max Capacity: 1G
[2023-10-09T21:08:17.644+0200][gc,init] Pre-touch: Disabled
[2023-10-09T21:08:17.644+0200][gc,init] Parallel Workers: 8
[2023-10-09T21:08:17.644+0200][gc,init] Concurrent Workers: 2
[2023-10-09T21:08:17.644+0200][gc,init] Concurrent Refinement Workers: 8
[2023-10-09T21:08:17.644+0200][gc,init] Periodic GC: Disabled
[2023-10-09T21:08:17.644+0200][gc,metaspace] CDS archive(s) mapped at: [0x0000000800000000-0x0000000800bd4000-0x0000000800bd4000), size 12402688, SharedBaseAddress: 0x0000000800000000, ArchiveRelocationMode: 0.
[2023-10-09T21:08:17.644+0200][gc,metaspace] Compressed class space mapped at: 0x0000000801000000-0x0000000841000000, reserved size: 1073741824
[2023-10-09T21:08:17.644+0200][gc,metaspace] Narrow klass base: 0x0000000800000000, Narrow klass shift: 0, Narrow klass range: 0x100000000
[2023-10-09T21:08:18.679+0200][gc,start    ] GC(0) Pause Young (Normal) (G1 Evacuation Pause)
[2023-10-09T21:08:18.679+0200][gc,task     ] GC(0) Using 8 workers of 8 for evacuation
[2023-10-09T21:08:18.682+0200][gc,phases   ] GC(0)   Pre Evacuate Collection Set: 0,1ms
[2023-10-09T21:08:18.682+0200][gc,phases   ] GC(0)   Merge Heap Roots: 0,0ms
[2023-10-09T21:08:18.682+0200][gc,phases   ] GC(0)   Evacuate Collection Set: 2,6ms
[2023-10-09T21:08:18.682+0200][gc,phases   ] GC(0)   Post Evacuate Collection Set: 0,3ms
[2023-10-09T21:08:18.682+0200][gc,phases   ] GC(0)   Other: 0,2ms
[2023-10-09T21:08:18.682+0200][gc,heap     ] GC(0) Eden regions: 51->0(44)
[2023-10-09T21:08:18.682+0200][gc,heap     ] GC(0) Survivor regions: 0->7(7)
[2023-10-09T21:08:18.682+0200][gc,heap     ] GC(0) Old regions: 0->1
[2023-10-09T21:08:18.682+0200][gc,heap     ] GC(0) Archive regions: 2->2
[2023-10-09T21:08:18.682+0200][gc,heap     ] GC(0) Humongous regions: 0->0
[2023-10-09T21:08:18.682+0200][gc,metaspace] GC(0) Metaspace: 18264K(18368K)->18264K(18368K) NonClass: 16082K(16128K)->16082K(16128K) Class: 2182K(2240K)->2182K(2240K)
[2023-10-09T21:08:18.682+0200][gc          ] GC(0) Pause Young (Normal) (G1 Evacuation Pause) 51M->8M(1024M) 3,329ms
[2023-10-09T21:08:18.682+0200][gc,cpu      ] GC(0) User=0,01s Sys=0,00s Real=0,01s
[2023-10-09T21:08:18.833+0200][gc,start    ] GC(1) Pause Young (Concurrent Start) (Metadata GC Threshold)
[2023-10-09T21:08:18.833+0200][gc,task     ] GC(1) Using 8 workers of 8 for evacuation
[2023-10-09T21:08:18.835+0200][gc,phases   ] GC(1)   Pre Evacuate Collection Set: 0,1ms
[2023-10-09T21:08:18.836+0200][gc,phases   ] GC(1)   Merge Heap Roots: 0,0ms
[2023-10-09T21:08:18.836+0200][gc,phases   ] GC(1)   Evacuate Collection Set: 2,5ms
[2023-10-09T21:08:18.836+0200][gc,phases   ] GC(1)   Post Evacuate Collection Set: 0,3ms
[2023-10-09T21:08:18.836+0200][gc,phases   ] GC(1)   Other: 0,1ms
[2023-10-09T21:08:18.836+0200][gc,heap     ] GC(1) Eden regions: 13->0(49)
[2023-10-09T21:08:18.836+0200][gc,heap     ] GC(1) Survivor regions: 7->2(7)
[2023-10-09T21:08:18.836+0200][gc,heap     ] GC(1) Old regions: 1->8
[2023-10-09T21:08:18.836+0200][gc,heap     ] GC(1) Archive regions: 2->2
[2023-10-09T21:08:18.836+0200][gc,heap     ] GC(1) Humongous regions: 129->129
[2023-10-09T21:08:18.836+0200][gc,metaspace] GC(1) Metaspace: 21341K(21504K)->21341K(21504K) NonClass: 18754K(18816K)->18754K(18816K) Class: 2586K(2688K)->2586K(2688K)
[2023-10-09T21:08:18.836+0200][gc          ] GC(1) Pause Young (Concurrent Start) (Metadata GC Threshold) 149M->138M(1024M) 3,040ms
[2023-10-09T21:08:18.836+0200][gc,cpu      ] GC(1) User=0,01s Sys=0,01s Real=0,00s
[2023-10-09T21:08:18.836+0200][gc          ] GC(2) Concurrent Mark Cycle
[2023-10-09T21:08:18.836+0200][gc,marking  ] GC(2) Concurrent Clear Claimed Marks
[2023-10-09T21:08:18.836+0200][gc,marking  ] GC(2) Concurrent Clear Claimed Marks 0,015ms
[2023-10-09T21:08:18.836+0200][gc,marking  ] GC(2) Concurrent Scan Root Regions
[2023-10-09T21:08:18.837+0200][gc,marking  ] GC(2) Concurrent Scan Root Regions 1,310ms
[2023-10-09T21:08:18.837+0200][gc,marking  ] GC(2) Concurrent Mark
[2023-10-09T21:08:18.837+0200][gc,marking  ] GC(2) Concurrent Mark From Roots
[2023-10-09T21:08:18.837+0200][gc,task     ] GC(2) Using 2 workers of 2 for marking
[2023-10-09T21:08:18.838+0200][gc,marking  ] GC(2) Concurrent Mark From Roots 0,750ms
[2023-10-09T21:08:18.838+0200][gc,marking  ] GC(2) Concurrent Preclean
[2023-10-09T21:08:18.838+0200][gc,marking  ] GC(2) Concurrent Preclean 0,014ms
[2023-10-09T21:08:18.838+0200][gc,start    ] GC(2) Pause Remark
[2023-10-09T21:08:18.839+0200][gc          ] GC(2) Pause Remark 139M->139M(1024M) 0,825ms
[2023-10-09T21:08:18.839+0200][gc,cpu      ] GC(2) User=0,00s Sys=0,00s Real=0,00s
[2023-10-09T21:08:18.839+0200][gc,marking  ] GC(2) Concurrent Mark 1,729ms
[2023-10-09T21:08:18.839+0200][gc,marking  ] GC(2) Concurrent Rebuild Remembered Sets
[2023-10-09T21:08:18.840+0200][gc,marking  ] GC(2) Concurrent Rebuild Remembered Sets 1,243ms
[2023-10-09T21:08:18.840+0200][gc,start    ] GC(2) Pause Cleanup
[2023-10-09T21:08:18.840+0200][gc          ] GC(2) Pause Cleanup 139M->139M(1024M) 0,056ms
[2023-10-09T21:08:18.840+0200][gc,cpu      ] GC(2) User=0,00s Sys=0,00s Real=0,00s
[2023-10-09T21:08:18.840+0200][gc,marking  ] GC(2) Concurrent Cleanup for Next Mark
[2023-10-09T21:08:18.842+0200][gc,marking  ] GC(2) Concurrent Cleanup for Next Mark 1,446ms
[2023-10-09T21:08:18.842+0200][gc          ] GC(2) Concurrent Mark Cycle 5,912ms
[2023-10-09T21:08:19.223+0200][gc,start    ] GC(3) Pause Young (Normal) (G1 Evacuation Pause)
[2023-10-09T21:08:19.223+0200][gc,task     ] GC(3) Using 8 workers of 8 for evacuation
[2023-10-09T21:08:19.226+0200][gc,phases   ] GC(3)   Pre Evacuate Collection Set: 0,1ms
[2023-10-09T21:08:19.226+0200][gc,phases   ] GC(3)   Merge Heap Roots: 0,0ms
[2023-10-09T21:08:19.226+0200][gc,phases   ] GC(3)   Evacuate Collection Set: 2,1ms
[2023-10-09T21:08:19.226+0200][gc,phases   ] GC(3)   Post Evacuate Collection Set: 0,3ms
[2023-10-09T21:08:19.226+0200][gc,phases   ] GC(3)   Other: 0,1ms
[2023-10-09T21:08:19.226+0200][gc,heap     ] GC(3) Eden regions: 49->0(45)
[2023-10-09T21:08:19.226+0200][gc,heap     ] GC(3) Survivor regions: 2->6(7)
[2023-10-09T21:08:19.226+0200][gc,heap     ] GC(3) Old regions: 8->8
[2023-10-09T21:08:19.226+0200][gc,heap     ] GC(3) Archive regions: 2->2
[2023-10-09T21:08:19.226+0200][gc,heap     ] GC(3) Humongous regions: 129->129
[2023-10-09T21:08:19.226+0200][gc,metaspace] GC(3) Metaspace: 32633K(32896K)->32633K(32896K) NonClass: 28932K(29120K)->28932K(29120K) Class: 3700K(3776K)->3700K(3776K)
[2023-10-09T21:08:19.226+0200][gc          ] GC(3) Pause Young (Normal) (G1 Evacuation Pause) 187M->143M(1024M) 2,639ms
[2023-10-09T21:08:19.226+0200][gc,cpu      ] GC(3) User=0,02s Sys=0,00s Real=0,00s
[2023-10-09T21:08:57.228+0200][gc,start    ] GC(4) Pause Young (Concurrent Start) (Metadata GC Threshold)
[2023-10-09T21:08:57.228+0200][gc,task     ] GC(4) Using 8 workers of 8 for evacuation
[2023-10-09T21:08:57.232+0200][gc,phases   ] GC(4)   Pre Evacuate Collection Set: 0,2ms
[2023-10-09T21:08:57.232+0200][gc,phases   ] GC(4)   Merge Heap Roots: 0,0ms
[2023-10-09T21:08:57.232+0200][gc,phases   ] GC(4)   Evacuate Collection Set: 2,7ms
[2023-10-09T21:08:57.232+0200][gc,phases   ] GC(4)   Post Evacuate Collection Set: 0,3ms
[2023-10-09T21:08:57.232+0200][gc,phases   ] GC(4)   Other: 0,1ms
[2023-10-09T21:08:57.232+0200][gc,heap     ] GC(4) Eden regions: 17->0(49)
[2023-10-09T21:08:57.232+0200][gc,heap     ] GC(4) Survivor regions: 6->2(7)
[2023-10-09T21:08:57.232+0200][gc,heap     ] GC(4) Old regions: 8->14
[2023-10-09T21:08:57.232+0200][gc,heap     ] GC(4) Archive regions: 2->2
[2023-10-09T21:08:57.232+0200][gc,heap     ] GC(4) Humongous regions: 129->129
[2023-10-09T21:08:57.232+0200][gc,metaspace] GC(4) Metaspace: 35619K(35968K)->35619K(35968K) NonClass: 31379K(31552K)->31379K(31552K) Class: 4240K(4416K)->4240K(4416K)
[2023-10-09T21:08:57.232+0200][gc          ] GC(4) Pause Young (Concurrent Start) (Metadata GC Threshold) 159M->144M(1024M) 3,485ms
[2023-10-09T21:08:57.232+0200][gc,cpu      ] GC(4) User=0,01s Sys=0,00s Real=0,01s
[2023-10-09T21:08:57.232+0200][gc          ] GC(5) Concurrent Mark Cycle
[2023-10-09T21:08:57.232+0200][gc,marking  ] GC(5) Concurrent Clear Claimed Marks
[2023-10-09T21:08:57.232+0200][gc,marking  ] GC(5) Concurrent Clear Claimed Marks 0,025ms
[2023-10-09T21:08:57.232+0200][gc,marking  ] GC(5) Concurrent Scan Root Regions
[2023-10-09T21:08:57.235+0200][gc,marking  ] GC(5) Concurrent Scan Root Regions 2,700ms
[2023-10-09T21:08:57.235+0200][gc,marking  ] GC(5) Concurrent Mark
[2023-10-09T21:08:57.235+0200][gc,marking  ] GC(5) Concurrent Mark From Roots
[2023-10-09T21:08:57.235+0200][gc,task     ] GC(5) Using 2 workers of 2 for marking
[2023-10-09T21:08:57.239+0200][gc,marking  ] GC(5) Concurrent Mark From Roots 4,487ms
[2023-10-09T21:08:57.239+0200][gc,marking  ] GC(5) Concurrent Preclean
[2023-10-09T21:08:57.239+0200][gc,marking  ] GC(5) Concurrent Preclean 0,051ms
[2023-10-09T21:08:57.239+0200][gc,start    ] GC(5) Pause Remark
[2023-10-09T21:08:57.240+0200][gc          ] GC(5) Pause Remark 145M->145M(1024M) 1,095ms
[2023-10-09T21:08:57.240+0200][gc,cpu      ] GC(5) User=0,01s Sys=0,00s Real=0,01s
[2023-10-09T21:08:57.240+0200][gc,marking  ] GC(5) Concurrent Mark 5,803ms
[2023-10-09T21:08:57.240+0200][gc,marking  ] GC(5) Concurrent Rebuild Remembered Sets
[2023-10-09T21:08:57.244+0200][gc,marking  ] GC(5) Concurrent Rebuild Remembered Sets 4,092ms
[2023-10-09T21:08:57.245+0200][gc,start    ] GC(5) Pause Cleanup
[2023-10-09T21:08:57.245+0200][gc          ] GC(5) Pause Cleanup 145M->145M(1024M) 0,131ms
[2023-10-09T21:08:57.245+0200][gc,cpu      ] GC(5) User=0,01s Sys=0,00s Real=0,00s
[2023-10-09T21:08:57.245+0200][gc,marking  ] GC(5) Concurrent Cleanup for Next Mark
[2023-10-09T21:08:57.247+0200][gc,marking  ] GC(5) Concurrent Cleanup for Next Mark 1,951ms
[2023-10-09T21:08:57.247+0200][gc          ] GC(5) Concurrent Mark Cycle 15,008ms
[2023-10-09T21:12:56.755+0200][gc,start    ] GC(6) Pause Young (Prepare Mixed) (G1 Evacuation Pause)
[2023-10-09T21:12:56.755+0200][gc,task     ] GC(6) Using 8 workers of 8 for evacuation
[2023-10-09T21:12:56.775+0200][gc,phases   ] GC(6)   Pre Evacuate Collection Set: 0,7ms
[2023-10-09T21:12:56.775+0200][gc,phases   ] GC(6)   Merge Heap Roots: 0,2ms
[2023-10-09T21:12:56.775+0200][gc,phases   ] GC(6)   Evacuate Collection Set: 17,7ms
[2023-10-09T21:12:56.775+0200][gc,phases   ] GC(6)   Post Evacuate Collection Set: 1,2ms
[2023-10-09T21:12:56.775+0200][gc,phases   ] GC(6)   Other: 0,5ms
[2023-10-09T21:12:56.775+0200][gc,heap     ] GC(6) Eden regions: 49->0(46)
[2023-10-09T21:12:56.775+0200][gc,heap     ] GC(6) Survivor regions: 2->5(7)
[2023-10-09T21:12:56.775+0200][gc,heap     ] GC(6) Old regions: 14->14
[2023-10-09T21:12:56.775+0200][gc,heap     ] GC(6) Archive regions: 2->2
[2023-10-09T21:12:56.775+0200][gc,heap     ] GC(6) Humongous regions: 129->129
[2023-10-09T21:12:56.776+0200][gc,metaspace] GC(6) Metaspace: 40676K(41280K)->40676K(41280K) NonClass: 35739K(36096K)->35739K(36096K) Class: 4936K(5184K)->4936K(5184K)
[2023-10-09T21:12:56.776+0200][gc          ] GC(6) Pause Young (Prepare Mixed) (G1 Evacuation Pause) 193M->147M(1024M) 20,386ms
[2023-10-09T21:12:56.776+0200][gc,cpu      ] GC(6) User=0,03s Sys=0,03s Real=0,02s
[2023-10-09T21:26:04.320+0200][gc,start    ] GC(7) Pause Young (Mixed) (G1 Evacuation Pause)
[2023-10-09T21:26:04.320+0200][gc,task     ] GC(7) Using 8 workers of 8 for evacuation
[2023-10-09T21:26:04.345+0200][gc,mmu      ] GC(7) MMU target violated: 21,0ms (20,0ms/21,0ms)
[2023-10-09T21:26:04.345+0200][gc,phases   ] GC(7)   Pre Evacuate Collection Set: 1,3ms
[2023-10-09T21:26:04.345+0200][gc,phases   ] GC(7)   Merge Heap Roots: 0,2ms
[2023-10-09T21:26:04.345+0200][gc,phases   ] GC(7)   Evacuate Collection Set: 22,6ms
[2023-10-09T21:26:04.345+0200][gc,phases   ] GC(7)   Post Evacuate Collection Set: 1,0ms
[2023-10-09T21:26:04.345+0200][gc,phases   ] GC(7)   Other: 0,6ms
[2023-10-09T21:26:04.345+0200][gc,heap     ] GC(7) Eden regions: 46->0(45)
[2023-10-09T21:26:04.345+0200][gc,heap     ] GC(7) Survivor regions: 5->6(7)
[2023-10-09T21:26:04.345+0200][gc,heap     ] GC(7) Old regions: 14->14
[2023-10-09T21:26:04.345+0200][gc,heap     ] GC(7) Archive regions: 2->2
[2023-10-09T21:26:04.345+0200][gc,heap     ] GC(7) Humongous regions: 129->129
[2023-10-09T21:26:04.345+0200][gc,metaspace] GC(7) Metaspace: 41001K(41600K)->41001K(41600K) NonClass: 36033K(36352K)->36033K(36352K) Class: 4967K(5248K)->4967K(5248K)
[2023-10-09T21:26:04.345+0200][gc          ] GC(7) Pause Young (Mixed) (G1 Evacuation Pause) 193M->149M(1024M) 25,709ms
[2023-10-09T21:26:04.345+0200][gc,cpu      ] GC(7) User=0,04s Sys=0,03s Real=0,02s
[2023-10-09T21:42:11.053+0200][gc,start    ] GC(8) Pause Young (Normal) (G1 Evacuation Pause)
[2023-10-09T21:42:11.056+0200][gc,task     ] GC(8) Using 8 workers of 8 for evacuation
[2023-10-09T21:42:11.101+0200][gc,mmu      ] GC(8) MMU target violated: 21,0ms (20,0ms/21,0ms)
[2023-10-09T21:42:11.102+0200][gc,phases   ] GC(8)   Pre Evacuate Collection Set: 4,4ms
[2023-10-09T21:42:11.102+0200][gc,phases   ] GC(8)   Merge Heap Roots: 2,7ms
[2023-10-09T21:42:11.102+0200][gc,phases   ] GC(8)   Evacuate Collection Set: 36,0ms
[2023-10-09T21:42:11.102+0200][gc,phases   ] GC(8)   Post Evacuate Collection Set: 1,4ms
[2023-10-09T21:42:11.102+0200][gc,phases   ] GC(8)   Other: 5,3ms
[2023-10-09T21:42:11.102+0200][gc,heap     ] GC(8) Eden regions: 45->0(48)
[2023-10-09T21:42:11.102+0200][gc,heap     ] GC(8) Survivor regions: 6->3(7)
[2023-10-09T21:42:11.102+0200][gc,heap     ] GC(8) Old regions: 14->17
[2023-10-09T21:42:11.102+0200][gc,heap     ] GC(8) Archive regions: 2->2
[2023-10-09T21:42:11.102+0200][gc,heap     ] GC(8) Humongous regions: 129->129
[2023-10-09T21:42:11.102+0200][gc,metaspace] GC(8) Metaspace: 41120K(41728K)->41120K(41728K) NonClass: 36146K(36480K)->36146K(36480K) Class: 4973K(5248K)->4973K(5248K)
[2023-10-09T21:42:11.102+0200][gc          ] GC(8) Pause Young (Normal) (G1 Evacuation Pause) 194M->148M(1024M) 49,838ms
[2023-10-09T21:42:11.102+0200][gc,cpu      ] GC(8) User=0,03s Sys=0,07s Real=0,05s
