[2023-10-08T12:32:34.437+0200][gc] Using G1
[2023-10-08T12:32:34.438+0200][gc,init] Version: 17.0.7+7-LTS (release)
[2023-10-08T12:32:34.438+0200][gc,init] CPUs: 8 total, 8 available
[2023-10-08T12:32:34.438+0200][gc,init] Memory: 8192M
[2023-10-08T12:32:34.438+0200][gc,init] Large Page Support: Disabled
[2023-10-08T12:32:34.438+0200][gc,init] NUMA Support: Disabled
[2023-10-08T12:32:34.438+0200][gc,init] Compressed Oops: Enabled (Zero based)
[2023-10-08T12:32:34.438+0200][gc,init] Heap Region Size: 1M
[2023-10-08T12:32:34.438+0200][gc,init] Heap Min Capacity: 1G
[2023-10-08T12:32:34.438+0200][gc,init] Heap Initial Capacity: 1G
[2023-10-08T12:32:34.438+0200][gc,init] Heap Max Capacity: 1G
[2023-10-08T12:32:34.438+0200][gc,init] Pre-touch: Disabled
[2023-10-08T12:32:34.438+0200][gc,init] Parallel Workers: 8
[2023-10-08T12:32:34.439+0200][gc,init] Concurrent Workers: 2
[2023-10-08T12:32:34.439+0200][gc,init] Concurrent Refinement Workers: 8
[2023-10-08T12:32:34.439+0200][gc,init] Periodic GC: Disabled
[2023-10-08T12:32:34.439+0200][gc,metaspace] CDS archive(s) mapped at: [0x0000000800000000-0x0000000800bd4000-0x0000000800bd4000), size 12402688, SharedBaseAddress: 0x0000000800000000, ArchiveRelocationMode: 0.
[2023-10-08T12:32:34.439+0200][gc,metaspace] Compressed class space mapped at: 0x0000000801000000-0x0000000841000000, reserved size: 1073741824
[2023-10-08T12:32:34.439+0200][gc,metaspace] Narrow klass base: 0x0000000800000000, Narrow klass shift: 0, Narrow klass range: 0x100000000
[2023-10-08T12:32:35.309+0200][gc,start    ] GC(0) Pause Young (Normal) (G1 Evacuation Pause)
[2023-10-08T12:32:35.309+0200][gc,task     ] GC(0) Using 8 workers of 8 for evacuation
[2023-10-08T12:32:35.312+0200][gc,phases   ] GC(0)   Pre Evacuate Collection Set: 0,1ms
[2023-10-08T12:32:35.312+0200][gc,phases   ] GC(0)   Merge Heap Roots: 0,0ms
[2023-10-08T12:32:35.312+0200][gc,phases   ] GC(0)   Evacuate Collection Set: 2,0ms
[2023-10-08T12:32:35.312+0200][gc,phases   ] GC(0)   Post Evacuate Collection Set: 0,2ms
[2023-10-08T12:32:35.312+0200][gc,phases   ] GC(0)   Other: 0,2ms
[2023-10-08T12:32:35.312+0200][gc,heap     ] GC(0) Eden regions: 51->0(44)
[2023-10-08T12:32:35.312+0200][gc,heap     ] GC(0) Survivor regions: 0->7(7)
[2023-10-08T12:32:35.312+0200][gc,heap     ] GC(0) Old regions: 0->1
[2023-10-08T12:32:35.312+0200][gc,heap     ] GC(0) Archive regions: 2->2
[2023-10-08T12:32:35.312+0200][gc,heap     ] GC(0) Humongous regions: 0->0
[2023-10-08T12:32:35.312+0200][gc,metaspace] GC(0) Metaspace: 18169K(18368K)->18169K(18368K) NonClass: 16004K(16128K)->16004K(16128K) Class: 2165K(2240K)->2165K(2240K)
[2023-10-08T12:32:35.312+0200][gc          ] GC(0) Pause Young (Normal) (G1 Evacuation Pause) 51M->8M(1024M) 2,556ms
[2023-10-08T12:32:35.312+0200][gc,cpu      ] GC(0) User=0,01s Sys=0,00s Real=0,01s
[2023-10-08T12:32:35.518+0200][gc,start    ] GC(1) Pause Young (Concurrent Start) (Metadata GC Threshold)
[2023-10-08T12:32:35.518+0200][gc,task     ] GC(1) Using 8 workers of 8 for evacuation
[2023-10-08T12:32:35.521+0200][gc,phases   ] GC(1)   Pre Evacuate Collection Set: 0,1ms
[2023-10-08T12:32:35.521+0200][gc,phases   ] GC(1)   Merge Heap Roots: 0,0ms
[2023-10-08T12:32:35.521+0200][gc,phases   ] GC(1)   Evacuate Collection Set: 3,0ms
[2023-10-08T12:32:35.521+0200][gc,phases   ] GC(1)   Post Evacuate Collection Set: 0,2ms
[2023-10-08T12:32:35.521+0200][gc,phases   ] GC(1)   Other: 0,1ms
[2023-10-08T12:32:35.521+0200][gc,heap     ] GC(1) Eden regions: 12->0(49)
[2023-10-08T12:32:35.521+0200][gc,heap     ] GC(1) Survivor regions: 7->2(7)
[2023-10-08T12:32:35.521+0200][gc,heap     ] GC(1) Old regions: 1->8
[2023-10-08T12:32:35.521+0200][gc,heap     ] GC(1) Archive regions: 2->2
[2023-10-08T12:32:35.521+0200][gc,heap     ] GC(1) Humongous regions: 0->0
[2023-10-08T12:32:35.521+0200][gc,metaspace] GC(1) Metaspace: 21296K(21504K)->21296K(21504K) NonClass: 18716K(18816K)->18716K(18816K) Class: 2579K(2688K)->2579K(2688K)
[2023-10-08T12:32:35.521+0200][gc          ] GC(1) Pause Young (Concurrent Start) (Metadata GC Threshold) 20M->9M(1024M) 3,514ms
[2023-10-08T12:32:35.521+0200][gc,cpu      ] GC(1) User=0,02s Sys=0,01s Real=0,01s
[2023-10-08T12:32:35.521+0200][gc          ] GC(2) Concurrent Mark Cycle
[2023-10-08T12:32:35.521+0200][gc,marking  ] GC(2) Concurrent Clear Claimed Marks
[2023-10-08T12:32:35.521+0200][gc,marking  ] GC(2) Concurrent Clear Claimed Marks 0,019ms
[2023-10-08T12:32:35.521+0200][gc,marking  ] GC(2) Concurrent Scan Root Regions
[2023-10-08T12:32:35.523+0200][gc,marking  ] GC(2) Concurrent Scan Root Regions 1,735ms
[2023-10-08T12:32:35.523+0200][gc,marking  ] GC(2) Concurrent Mark
[2023-10-08T12:32:35.523+0200][gc,marking  ] GC(2) Concurrent Mark From Roots
[2023-10-08T12:32:35.523+0200][gc,task     ] GC(2) Using 2 workers of 2 for marking
[2023-10-08T12:32:35.524+0200][gc,marking  ] GC(2) Concurrent Mark From Roots 0,644ms
[2023-10-08T12:32:35.524+0200][gc,marking  ] GC(2) Concurrent Preclean
[2023-10-08T12:32:35.524+0200][gc,marking  ] GC(2) Concurrent Preclean 0,015ms
[2023-10-08T12:32:35.524+0200][gc,start    ] GC(2) Pause Remark
[2023-10-08T12:32:35.525+0200][gc          ] GC(2) Pause Remark 9M->9M(1024M) 0,923ms
[2023-10-08T12:32:35.525+0200][gc,cpu      ] GC(2) User=0,01s Sys=0,00s Real=0,00s
[2023-10-08T12:32:35.525+0200][gc,marking  ] GC(2) Concurrent Mark 1,676ms
[2023-10-08T12:32:35.525+0200][gc,marking  ] GC(2) Concurrent Rebuild Remembered Sets
[2023-10-08T12:32:35.526+0200][gc,marking  ] GC(2) Concurrent Rebuild Remembered Sets 1,638ms
[2023-10-08T12:32:35.527+0200][gc,start    ] GC(2) Pause Cleanup
[2023-10-08T12:32:35.527+0200][gc          ] GC(2) Pause Cleanup 9M->9M(1024M) 0,102ms
[2023-10-08T12:32:35.527+0200][gc,cpu      ] GC(2) User=0,00s Sys=0,00s Real=0,00s
[2023-10-08T12:32:35.527+0200][gc,marking  ] GC(2) Concurrent Cleanup for Next Mark
[2023-10-08T12:32:35.529+0200][gc,marking  ] GC(2) Concurrent Cleanup for Next Mark 1,904ms
[2023-10-08T12:32:35.529+0200][gc          ] GC(2) Concurrent Mark Cycle 7,304ms
[2023-10-08T12:32:36.883+0200][gc,start    ] GC(3) Pause Young (Normal) (G1 Evacuation Pause)
[2023-10-08T12:32:36.883+0200][gc,task     ] GC(3) Using 8 workers of 8 for evacuation
[2023-10-08T12:32:36.885+0200][gc,phases   ] GC(3)   Pre Evacuate Collection Set: 0,1ms
[2023-10-08T12:32:36.885+0200][gc,phases   ] GC(3)   Merge Heap Roots: 0,1ms
[2023-10-08T12:32:36.885+0200][gc,phases   ] GC(3)   Evacuate Collection Set: 2,0ms
[2023-10-08T12:32:36.885+0200][gc,phases   ] GC(3)   Post Evacuate Collection Set: 0,2ms
[2023-10-08T12:32:36.885+0200][gc,phases   ] GC(3)   Other: 0,1ms
[2023-10-08T12:32:36.885+0200][gc,heap     ] GC(3) Eden regions: 49->0(45)
[2023-10-08T12:32:36.885+0200][gc,heap     ] GC(3) Survivor regions: 2->6(7)
[2023-10-08T12:32:36.885+0200][gc,heap     ] GC(3) Old regions: 8->8
[2023-10-08T12:32:36.885+0200][gc,heap     ] GC(3) Archive regions: 2->2
[2023-10-08T12:32:36.885+0200][gc,heap     ] GC(3) Humongous regions: 129->129
[2023-10-08T12:32:36.885+0200][gc,metaspace] GC(3) Metaspace: 30516K(30848K)->30516K(30848K) NonClass: 27051K(27200K)->27051K(27200K) Class: 3464K(3648K)->3464K(3648K)
[2023-10-08T12:32:36.885+0200][gc          ] GC(3) Pause Young (Normal) (G1 Evacuation Pause) 187M->142M(1024M) 2,514ms
[2023-10-08T12:32:36.885+0200][gc,cpu      ] GC(3) User=0,02s Sys=0,00s Real=0,00s
[2023-10-08T12:32:37.105+0200][gc,start    ] GC(4) Pause Young (Concurrent Start) (Metadata GC Threshold)
[2023-10-08T12:32:37.105+0200][gc,task     ] GC(4) Using 8 workers of 8 for evacuation
[2023-10-08T12:32:37.108+0200][gc,phases   ] GC(4)   Pre Evacuate Collection Set: 0,1ms
[2023-10-08T12:32:37.108+0200][gc,phases   ] GC(4)   Merge Heap Roots: 0,0ms
[2023-10-08T12:32:37.108+0200][gc,phases   ] GC(4)   Evacuate Collection Set: 2,9ms
[2023-10-08T12:32:37.108+0200][gc,phases   ] GC(4)   Post Evacuate Collection Set: 0,2ms
[2023-10-08T12:32:37.108+0200][gc,phases   ] GC(4)   Other: 0,1ms
[2023-10-08T12:32:37.108+0200][gc,heap     ] GC(4) Eden regions: 23->0(49)
[2023-10-08T12:32:37.108+0200][gc,heap     ] GC(4) Survivor regions: 6->2(7)
[2023-10-08T12:32:37.108+0200][gc,heap     ] GC(4) Old regions: 8->13
[2023-10-08T12:32:37.108+0200][gc,heap     ] GC(4) Archive regions: 2->2
[2023-10-08T12:32:37.109+0200][gc,heap     ] GC(4) Humongous regions: 129->129
[2023-10-08T12:32:37.109+0200][gc,metaspace] GC(4) Metaspace: 35710K(35968K)->35710K(35968K) NonClass: 31610K(31744K)->31610K(31744K) Class: 4100K(4224K)->4100K(4224K)
[2023-10-08T12:32:37.109+0200][gc          ] GC(4) Pause Young (Concurrent Start) (Metadata GC Threshold) 165M->144M(1024M) 3,514ms
[2023-10-08T12:32:37.109+0200][gc,cpu      ] GC(4) User=0,02s Sys=0,00s Real=0,00s
[2023-10-08T12:32:37.109+0200][gc          ] GC(5) Concurrent Mark Cycle
[2023-10-08T12:32:37.109+0200][gc,marking  ] GC(5) Concurrent Clear Claimed Marks
[2023-10-08T12:32:37.109+0200][gc,marking  ] GC(5) Concurrent Clear Claimed Marks 0,023ms
[2023-10-08T12:32:37.109+0200][gc,marking  ] GC(5) Concurrent Scan Root Regions
[2023-10-08T12:32:37.111+0200][gc,marking  ] GC(5) Concurrent Scan Root Regions 1,905ms
[2023-10-08T12:32:37.111+0200][gc,marking  ] GC(5) Concurrent Mark
[2023-10-08T12:32:37.111+0200][gc,marking  ] GC(5) Concurrent Mark From Roots
[2023-10-08T12:32:37.111+0200][gc,task     ] GC(5) Using 2 workers of 2 for marking
[2023-10-08T12:32:37.113+0200][gc,marking  ] GC(5) Concurrent Mark From Roots 2,871ms
[2023-10-08T12:32:37.113+0200][gc,marking  ] GC(5) Concurrent Preclean
[2023-10-08T12:32:37.114+0200][gc,marking  ] GC(5) Concurrent Preclean 0,045ms
[2023-10-08T12:32:37.114+0200][gc,start    ] GC(5) Pause Remark
[2023-10-08T12:32:37.115+0200][gc          ] GC(5) Pause Remark 145M->145M(1024M) 0,962ms
[2023-10-08T12:32:37.115+0200][gc,cpu      ] GC(5) User=0,01s Sys=0,00s Real=0,00s
[2023-10-08T12:32:37.115+0200][gc,marking  ] GC(5) Concurrent Mark 4,098ms
[2023-10-08T12:32:37.115+0200][gc,marking  ] GC(5) Concurrent Rebuild Remembered Sets
[2023-10-08T12:32:37.118+0200][gc,marking  ] GC(5) Concurrent Rebuild Remembered Sets 2,886ms
[2023-10-08T12:32:37.118+0200][gc,start    ] GC(5) Pause Cleanup
[2023-10-08T12:32:37.118+0200][gc          ] GC(5) Pause Cleanup 145M->145M(1024M) 0,098ms
[2023-10-08T12:32:37.118+0200][gc,cpu      ] GC(5) User=0,00s Sys=0,00s Real=0,00s
[2023-10-08T12:32:37.118+0200][gc,marking  ] GC(5) Concurrent Cleanup for Next Mark
[2023-10-08T12:32:37.119+0200][gc,marking  ] GC(5) Concurrent Cleanup for Next Mark 1,290ms
[2023-10-08T12:32:37.119+0200][gc          ] GC(5) Concurrent Mark Cycle 10,569ms
[2023-10-08T12:32:50.578+0200][gc,heap,exit] Heap
[2023-10-08T12:32:50.578+0200][gc,heap,exit]  garbage-first heap   total 1048576K, used 207306K [0x00000007c0000000, 0x0000000800000000)
[2023-10-08T12:32:50.578+0200][gc,heap,exit]   region size 1024K, 37 young (37888K), 2 survivors (2048K)
[2023-10-08T12:32:50.578+0200][gc,heap,exit]  Metaspace       used 39791K, committed 40448K, reserved 1114112K
[2023-10-08T12:32:50.578+0200][gc,heap,exit]   class space    used 4918K, committed 5184K, reserved 1048576K
