[2023-10-09T21:04:04.158+0200][gc] Using G1
[2023-10-09T21:04:04.160+0200][gc,init] Version: 17.0.7+7-LTS (release)
[2023-10-09T21:04:04.160+0200][gc,init] CPUs: 8 total, 8 available
[2023-10-09T21:04:04.160+0200][gc,init] Memory: 8192M
[2023-10-09T21:04:04.160+0200][gc,init] Large Page Support: Disabled
[2023-10-09T21:04:04.160+0200][gc,init] NUMA Support: Disabled
[2023-10-09T21:04:04.160+0200][gc,init] Compressed Oops: Enabled (Zero based)
[2023-10-09T21:04:04.160+0200][gc,init] Heap Region Size: 1M
[2023-10-09T21:04:04.160+0200][gc,init] Heap Min Capacity: 1G
[2023-10-09T21:04:04.160+0200][gc,init] Heap Initial Capacity: 1G
[2023-10-09T21:04:04.160+0200][gc,init] Heap Max Capacity: 1G
[2023-10-09T21:04:04.160+0200][gc,init] Pre-touch: Disabled
[2023-10-09T21:04:04.160+0200][gc,init] Parallel Workers: 8
[2023-10-09T21:04:04.160+0200][gc,init] Concurrent Workers: 2
[2023-10-09T21:04:04.160+0200][gc,init] Concurrent Refinement Workers: 8
[2023-10-09T21:04:04.160+0200][gc,init] Periodic GC: Disabled
[2023-10-09T21:04:04.160+0200][gc,metaspace] CDS archive(s) mapped at: [0x0000000800000000-0x0000000800bd4000-0x0000000800bd4000), size 12402688, SharedBaseAddress: 0x0000000800000000, ArchiveRelocationMode: 0.
[2023-10-09T21:04:04.160+0200][gc,metaspace] Compressed class space mapped at: 0x0000000801000000-0x0000000841000000, reserved size: 1073741824
[2023-10-09T21:04:04.160+0200][gc,metaspace] Narrow klass base: 0x0000000800000000, Narrow klass shift: 0, Narrow klass range: 0x100000000
[2023-10-09T21:04:23.903+0200][gc,heap,exit] Heap
[2023-10-09T21:04:23.903+0200][gc,heap,exit]  garbage-first heap   total 1048576K, used 40928K [0x00000007c0000000, 0x0000000800000000)
[2023-10-09T21:04:23.903+0200][gc,heap,exit]   region size 1024K, 39 young (39936K), 0 survivors (0K)
[2023-10-09T21:04:23.903+0200][gc,heap,exit]  Metaspace       used 14216K, committed 14336K, reserved 1114112K
[2023-10-09T21:04:23.904+0200][gc,heap,exit]   class space    used 1730K, committed 1792K, reserved 1048576K
