[2023-10-08T11:54:49.869+0200][gc] Using G1
[2023-10-08T11:54:49.870+0200][gc,init] Version: 17.0.7+7-LTS (release)
[2023-10-08T11:54:49.870+0200][gc,init] CPUs: 8 total, 8 available
[2023-10-08T11:54:49.870+0200][gc,init] Memory: 8192M
[2023-10-08T11:54:49.870+0200][gc,init] Large Page Support: Disabled
[2023-10-08T11:54:49.870+0200][gc,init] NUMA Support: Disabled
[2023-10-08T11:54:49.870+0200][gc,init] Compressed Oops: Enabled (Zero based)
[2023-10-08T11:54:49.870+0200][gc,init] Heap Region Size: 1M
[2023-10-08T11:54:49.870+0200][gc,init] Heap Min Capacity: 512M
[2023-10-08T11:54:49.870+0200][gc,init] Heap Initial Capacity: 512M
[2023-10-08T11:54:49.870+0200][gc,init] Heap Max Capacity: 512M
[2023-10-08T11:54:49.870+0200][gc,init] Pre-touch: Disabled
[2023-10-08T11:54:49.870+0200][gc,init] Parallel Workers: 8
[2023-10-08T11:54:49.870+0200][gc,init] Concurrent Workers: 2
[2023-10-08T11:54:49.870+0200][gc,init] Concurrent Refinement Workers: 8
[2023-10-08T11:54:49.870+0200][gc,init] Periodic GC: Disabled
[2023-10-08T11:54:49.870+0200][gc,metaspace] CDS archive(s) mapped at: [0x0000000800000000-0x0000000800bd4000-0x0000000800bd4000), size 12402688, SharedBaseAddress: 0x0000000800000000, ArchiveRelocationMode: 0.
[2023-10-08T11:54:49.870+0200][gc,metaspace] Compressed class space mapped at: 0x0000000801000000-0x0000000841000000, reserved size: 1073741824
[2023-10-08T11:54:49.870+0200][gc,metaspace] Narrow klass base: 0x0000000800000000, Narrow klass shift: 0, Narrow klass range: 0x100000000
[2023-10-08T11:55:19.653+0200][gc,start    ] GC(0) Pause Young (Normal) (G1 Evacuation Pause)
[2023-10-08T11:55:19.653+0200][gc,task     ] GC(0) Using 8 workers of 8 for evacuation
[2023-10-08T11:55:19.660+0200][gc,phases   ] GC(0)   Pre Evacuate Collection Set: 0,2ms
[2023-10-08T11:55:19.660+0200][gc,phases   ] GC(0)   Merge Heap Roots: 0,0ms
[2023-10-08T11:55:19.660+0200][gc,phases   ] GC(0)   Evacuate Collection Set: 5,0ms
[2023-10-08T11:55:19.660+0200][gc,phases   ] GC(0)   Post Evacuate Collection Set: 0,2ms
[2023-10-08T11:55:19.660+0200][gc,phases   ] GC(0)   Other: 1,0ms
[2023-10-08T11:55:19.660+0200][gc,heap     ] GC(0) Eden regions: 25->0(21)
[2023-10-08T11:55:19.660+0200][gc,heap     ] GC(0) Survivor regions: 0->4(4)
[2023-10-08T11:55:19.660+0200][gc,heap     ] GC(0) Old regions: 0->4
[2023-10-08T11:55:19.660+0200][gc,heap     ] GC(0) Archive regions: 2->2
[2023-10-08T11:55:19.660+0200][gc,heap     ] GC(0) Humongous regions: 0->0
[2023-10-08T11:55:19.660+0200][gc,metaspace] GC(0) Metaspace: 7787K(8000K)->7787K(8000K) NonClass: 6901K(7040K)->6901K(7040K) Class: 885K(960K)->885K(960K)
[2023-10-08T11:55:19.660+0200][gc          ] GC(0) Pause Young (Normal) (G1 Evacuation Pause) 25M->8M(512M) 6,670ms
[2023-10-08T11:55:19.660+0200][gc,cpu      ] GC(0) User=0,01s Sys=0,02s Real=0,01s
[2023-10-08T12:31:45.000+0200][gc,heap,exit] Heap
[2023-10-08T12:31:45.001+0200][gc,heap,exit]  garbage-first heap   total 524288K, used 18677K [0x00000007e0000000, 0x0000000800000000)
[2023-10-08T12:31:45.001+0200][gc,heap,exit]   region size 1024K, 15 young (15360K), 4 survivors (4096K)
[2023-10-08T12:31:45.001+0200][gc,heap,exit]  Metaspace       used 8555K, committed 8768K, reserved 1114112K
[2023-10-08T12:31:45.001+0200][gc,heap,exit]   class space    used 909K, committed 1024K, reserved 1048576K
